<html>
<body>
<pre>
<h1>礦ision Build Log</h1>
<h2>Tool Versions:</h2>
IDE-Version: μVision V5.20.0.0
Copyright (C) 2016 ARM Ltd and ARM Germany GmbH. All rights reserved.
License Information: EU EU, EU, LIC=HF8TG-VSD6E-SECH0-B58AZ-8DHAK-S5KBA
 
Tool Versions:
Toolchain:       MDK-ARM Professional  Version: 5.20
Toolchain Path:  E:\Program Files (x86)\UV5\ARM\ARMCC\Bin
C Compiler:      Armcc.exe V5.06 update 2 (build 183)
Assembler:       Armasm.exe V5.06 update 2 (build 183)
Linker/Locator:  ArmLink.exe V5.06 update 2 (build 183)
Library Manager: ArmAr.exe V5.06 update 2 (build 183)
Hex Converter:   FromElf.exe V5.06 update 2 (build 183)
CPU DLL:         SARMCM3.DLL V5.20
Dialog DLL:      DCM.DLL V1.13.7.0
Target DLL:      STLink\ST-LINKIII-KEIL_SWO.dll V2.0.18.0
Dialog DLL:      TCM.DLL V1.14.9.0
 
<h2>Project:</h2>
E:\Users\QinJiWen\Desktop\TFT3.2触摸屏需要更新的资料\STM32F407ZG核心板资料_V1.03\应用实例\004 GUI应用演示（支持触摸鼠标）\Project\STM32F4_DEMO.uvprojx
Project File Date:  09/05/2016

<h2>Output:</h2>
*** Using Compiler 'V5.06 update 2 (build 183)', folder: 'E:\Program Files (x86)\UV5\ARM\ARMCC\Bin'
Build target 'Target 1'
compiling Driver.c...
linking...
Program Size: Code=81304 RO-data=112004 RW-data=744 ZI-data=22888  
FromELF: creating hex file...
".\Objects\STM32_DEMO_KEIL5.axf" - 0 Error(s), 0 Warning(s).

<h2>Collection of Component include folders:</h2>
  E:\Users\QinJiWen\Desktop\TFT3.2触摸屏需要更新的资料\STM32F407ZG核心板资料_V1.03\应用实例\004 GUI应用演示（支持触摸鼠标）\Project\RTE
  E:\Program Files (x86)\UV5\ARM\PACK\Keil\STM32F4xx_DFP\1.0.8\Device\Include

<h2>Collection of Component Files used:</h2>
Build Time Elapsed:  00:00:10
</pre>
</body>
</html>
